
> open-q@0.0.0 test
> vitest src/pages/FineSortPage.integration.test.tsx


 DEV  v1.6.1 /home/julien/open-q/frontend

stderr | src/pages/FineSortPage.integration.test.tsx > FineSortPage Integration > renders "Finish Sorting" button in Header when grid is full
Warning: `ReactDOMTestUtils.act` is deprecated in favor of `React.act`. Import `act` from `react` instead of `react-dom/test-utils`. See https://react.dev/warnings/react-dom-test-utils for more info.
Error: Uncaught [TypeError: setZoomedCard is not a function]
    at reportException (/home/julien/open-q/frontend/node_modules/jsdom/lib/jsdom/living/helpers/runtime-script-errors.js:66:24)
    at innerInvokeEventListeners (/home/julien/open-q/frontend/node_modules/jsdom/lib/jsdom/living/events/EventTarget-impl.js:353:9)
    at invokeEventListeners (/home/julien/open-q/frontend/node_modules/jsdom/lib/jsdom/living/events/EventTarget-impl.js:286:3)
    at HTMLUnknownElementImpl._dispatch (/home/julien/open-q/frontend/node_modules/jsdom/lib/jsdom/living/events/EventTarget-impl.js:233:9)
    at HTMLUnknownElementImpl.dispatchEvent (/home/julien/open-q/frontend/node_modules/jsdom/lib/jsdom/living/events/EventTarget-impl.js:104:17)
    at HTMLUnknownElement.dispatchEvent (/home/julien/open-q/frontend/node_modules/jsdom/lib/jsdom/living/generated/EventTarget.js:241:34)
    at Object.invokeGuardedCallbackDev (/home/julien/open-q/frontend/node_modules/react-dom/cjs/react-dom.development.js:4213:16)
    at invokeGuardedCallback (/home/julien/open-q/frontend/node_modules/react-dom/cjs/react-dom.development.js:4277:31)
    at reportUncaughtErrorInDEV (/home/julien/open-q/frontend/node_modules/react-dom/cjs/react-dom.development.js:22877:5)
    at captureCommitPhaseError (/home/julien/open-q/frontend/node_modules/react-dom/cjs/react-dom.development.js:27165:5) TypeError: setZoomedCard is not a function
    at /home/julien/open-q/frontend/src/components/CardZoomOverlay.tsx:32:9
    at commitHookEffectListMount (/home/julien/open-q/frontend/node_modules/react-dom/cjs/react-dom.development.js:23189:26)
    at commitPassiveMountOnFiber (/home/julien/open-q/frontend/node_modules/react-dom/cjs/react-dom.development.js:24970:11)
    at commitPassiveMountEffects_complete (/home/julien/open-q/frontend/node_modules/react-dom/cjs/react-dom.development.js:24930:9)
    at commitPassiveMountEffects_begin (/home/julien/open-q/frontend/node_modules/react-dom/cjs/react-dom.development.js:24917:7)
    at commitPassiveMountEffects (/home/julien/open-q/frontend/node_modules/react-dom/cjs/react-dom.development.js:24905:3)
    at flushPassiveEffectsImpl (/home/julien/open-q/frontend/node_modules/react-dom/cjs/react-dom.development.js:27078:3)
    at flushPassiveEffects (/home/julien/open-q/frontend/node_modules/react-dom/cjs/react-dom.development.js:27023:14)
    at /home/julien/open-q/frontend/node_modules/react-dom/cjs/react-dom.development.js:26808:9
    at flushActQueue (/home/julien/open-q/frontend/node_modules/react/cjs/react.development.js:2667:24)
⚠️ React Router Future Flag Warning: React Router will begin wrapping state updates in `React.startTransition` in v7. You can use the `v7_startTransition` future flag to opt-in early. For more information, see https://reactrouter.com/v6/upgrading/future#v7_starttransition.
⚠️ React Router Future Flag Warning: Relative route resolution within Splat routes is changing in v7. You can use the `v7_relativeSplatPath` future flag to opt-in early. For more information, see https://reactrouter.com/v6/upgrading/future#v7_relativesplatpath.
The above error occurred in the <CardZoomOverlay> component:

    at CardZoomOverlay (/home/julien/open-q/frontend/src/components/CardZoomOverlay.tsx:21:65)
    at LayoutProvider (/home/julien/open-q/frontend/src/contexts/LayoutContext.tsx:7:27)
    at StudyLayout
    at RenderedRoute (/home/julien/open-q/frontend/node_modules/react-router/dist/umd/react-router.development.js:539:7)
    at Routes (/home/julien/open-q/frontend/node_modules/react-router/dist/umd/react-router.development.js:1273:7)
    at Router (/home/julien/open-q/frontend/node_modules/react-router/dist/umd/react-router.development.js:1207:17)
    at MemoryRouter (/home/julien/open-q/frontend/node_modules/react-router/dist/umd/react-router.development.js:1101:7)

Consider adding an error boundary to your tree to customize error handling behavior.
Visit https://reactjs.org/link/error-boundaries to learn more about error boundaries.

stderr | src/pages/FineSortPage.integration.test.tsx > FineSortPage Integration > renders disabled "Finish Sorting" button when grid is NOT full
Error: Uncaught [TypeError: setZoomedCard is not a function]
    at reportException (/home/julien/open-q/frontend/node_modules/jsdom/lib/jsdom/living/helpers/runtime-script-errors.js:66:24)
    at innerInvokeEventListeners (/home/julien/open-q/frontend/node_modules/jsdom/lib/jsdom/living/events/EventTarget-impl.js:353:9)
    at invokeEventListeners (/home/julien/open-q/frontend/node_modules/jsdom/lib/jsdom/living/events/EventTarget-impl.js:286:3)
    at HTMLUnknownElementImpl._dispatch (/home/julien/open-q/frontend/node_modules/jsdom/lib/jsdom/living/events/EventTarget-impl.js:233:9)
    at HTMLUnknownElementImpl.dispatchEvent (/home/julien/open-q/frontend/node_modules/jsdom/lib/jsdom/living/events/EventTarget-impl.js:104:17)
    at HTMLUnknownElement.dispatchEvent (/home/julien/open-q/frontend/node_modules/jsdom/lib/jsdom/living/generated/EventTarget.js:241:34)
    at Object.invokeGuardedCallbackDev (/home/julien/open-q/frontend/node_modules/react-dom/cjs/react-dom.development.js:4213:16)
    at invokeGuardedCallback (/home/julien/open-q/frontend/node_modules/react-dom/cjs/react-dom.development.js:4277:31)
    at reportUncaughtErrorInDEV (/home/julien/open-q/frontend/node_modules/react-dom/cjs/react-dom.development.js:22877:5)
    at captureCommitPhaseError (/home/julien/open-q/frontend/node_modules/react-dom/cjs/react-dom.development.js:27165:5) TypeError: setZoomedCard is not a function
    at /home/julien/open-q/frontend/src/components/CardZoomOverlay.tsx:32:9
    at commitHookEffectListMount (/home/julien/open-q/frontend/node_modules/react-dom/cjs/react-dom.development.js:23189:26)
    at commitPassiveMountOnFiber (/home/julien/open-q/frontend/node_modules/react-dom/cjs/react-dom.development.js:24970:11)
    at commitPassiveMountEffects_complete (/home/julien/open-q/frontend/node_modules/react-dom/cjs/react-dom.development.js:24930:9)
    at commitPassiveMountEffects_begin (/home/julien/open-q/frontend/node_modules/react-dom/cjs/react-dom.development.js:24917:7)
    at commitPassiveMountEffects (/home/julien/open-q/frontend/node_modules/react-dom/cjs/react-dom.development.js:24905:3)
    at flushPassiveEffectsImpl (/home/julien/open-q/frontend/node_modules/react-dom/cjs/react-dom.development.js:27078:3)
    at flushPassiveEffects (/home/julien/open-q/frontend/node_modules/react-dom/cjs/react-dom.development.js:27023:14)
    at /home/julien/open-q/frontend/node_modules/react-dom/cjs/react-dom.development.js:26808:9
    at flushActQueue (/home/julien/open-q/frontend/node_modules/react/cjs/react.development.js:2667:24)
The above error occurred in the <CardZoomOverlay> component:

    at CardZoomOverlay (/home/julien/open-q/frontend/src/components/CardZoomOverlay.tsx:21:65)
    at LayoutProvider (/home/julien/open-q/frontend/src/contexts/LayoutContext.tsx:7:27)
    at StudyLayout
    at RenderedRoute (/home/julien/open-q/frontend/node_modules/react-router/dist/umd/react-router.development.js:539:7)
    at Routes (/home/julien/open-q/frontend/node_modules/react-router/dist/umd/react-router.development.js:1273:7)
    at Router (/home/julien/open-q/frontend/node_modules/react-router/dist/umd/react-router.development.js:1207:17)
    at MemoryRouter (/home/julien/open-q/frontend/node_modules/react-router/dist/umd/react-router.development.js:1101:7)

Consider adding an error boundary to your tree to customize error handling behavior.
Visit https://reactjs.org/link/error-boundaries to learn more about error boundaries.

 ❯ src/pages/FineSortPage.integration.test.tsx  (2 tests | 2 failed) 159ms
   ❯ src/pages/FineSortPage.integration.test.tsx > FineSortPage Integration > renders "Finish Sorting" button in Header when grid is full
     → setZoomedCard is not a function
   ❯ src/pages/FineSortPage.integration.test.tsx > FineSortPage Integration > renders disabled "Finish Sorting" button when grid is NOT full
     → setZoomedCard is not a function

⎯⎯⎯⎯⎯⎯⎯ Failed Tests 2 ⎯⎯⎯⎯⎯⎯⎯

 FAIL  src/pages/FineSortPage.integration.test.tsx > FineSortPage Integration > renders "Finish Sorting" button in Header when grid is full
 FAIL  src/pages/FineSortPage.integration.test.tsx > FineSortPage Integration > renders disabled "Finish Sorting" button when grid is NOT full
TypeError: setZoomedCard is not a function
 ❯ src/components/CardZoomOverlay.tsx:32:9
     30|     const location = useLocation();
     31|     React.useEffect(() => {
     32|         setZoomedCard(null);
       |         ^
     33|     }, [location.pathname, setZoomedCard]);
     34| 
 ❯ commitHookEffectListMount node_modules/react-dom/cjs/react-dom.development.js:23189:26
 ❯ commitPassiveMountOnFiber node_modules/react-dom/cjs/react-dom.development.js:24970:11
 ❯ commitPassiveMountEffects_complete node_modules/react-dom/cjs/react-dom.development.js:24930:9
 ❯ commitPassiveMountEffects_begin node_modules/react-dom/cjs/react-dom.development.js:24917:7
 ❯ commitPassiveMountEffects node_modules/react-dom/cjs/react-dom.development.js:24905:3
 ❯ flushPassiveEffectsImpl node_modules/react-dom/cjs/react-dom.development.js:27078:3
 ❯ flushPassiveEffects node_modules/react-dom/cjs/react-dom.development.js:27023:14
 ❯ node_modules/react-dom/cjs/react-dom.development.js:26808:9
 ❯ flushActQueue node_modules/react/cjs/react.development.js:2667:24

⎯⎯⎯⎯⎯⎯⎯⎯⎯⎯⎯⎯⎯⎯⎯⎯⎯⎯⎯⎯⎯⎯⎯⎯[1/2]⎯

 Test Files  1 failed (1)
      Tests  2 failed (2)
   Start at  16:45:49
   Duration  2.62s (transform 277ms, setup 156ms, collect 898ms, tests 159ms, environment 591ms, prepare 313ms)


 FAIL  Tests failed. Watching for file changes...
       press h to show help, press q to quit
[3Jc
 RERUN  src/pages/FineSortPage.integration.test.tsx x1

 ❯ src/pages/FineSortPage.integration.test.tsx  (2 tests | 2 failed) 243ms
   ❯ src/pages/FineSortPage.integration.test.tsx > FineSortPage Integration > renders "Finish Sorting" button in Header when grid is full
     → setZoomedCard is not a function
   ❯ src/pages/FineSortPage.integration.test.tsx > FineSortPage Integration > renders disabled "Finish Sorting" button when grid is NOT full
     → setZoomedCard is not a function
stderr | src/pages/FineSortPage.integration.test.tsx > FineSortPage Integration > renders "Finish Sorting" button in Header when grid is full
Warning: `ReactDOMTestUtils.act` is deprecated in favor of `React.act`. Import `act` from `react` instead of `react-dom/test-utils`. See https://react.dev/warnings/react-dom-test-utils for more info.
Error: Uncaught [TypeError: setZoomedCard is not a function]
    at reportException (/home/julien/open-q/frontend/node_modules/jsdom/lib/jsdom/living/helpers/runtime-script-errors.js:66:24)
    at innerInvokeEventListeners (/home/julien/open-q/frontend/node_modules/jsdom/lib/jsdom/living/events/EventTarget-impl.js:353:9)
    at invokeEventListeners (/home/julien/open-q/frontend/node_modules/jsdom/lib/jsdom/living/events/EventTarget-impl.js:286:3)
    at HTMLUnknownElementImpl._dispatch (/home/julien/open-q/frontend/node_modules/jsdom/lib/jsdom/living/events/EventTarget-impl.js:233:9)
    at HTMLUnknownElementImpl.dispatchEvent (/home/julien/open-q/frontend/node_modules/jsdom/lib/jsdom/living/events/EventTarget-impl.js:104:17)
    at HTMLUnknownElement.dispatchEvent (/home/julien/open-q/frontend/node_modules/jsdom/lib/jsdom/living/generated/EventTarget.js:241:34)
    at Object.invokeGuardedCallbackDev (/home/julien/open-q/frontend/node_modules/react-dom/cjs/react-dom.development.js:4213:16)
    at invokeGuardedCallback (/home/julien/open-q/frontend/node_modules/react-dom/cjs/react-dom.development.js:4277:31)
    at reportUncaughtErrorInDEV (/home/julien/open-q/frontend/node_modules/react-dom/cjs/react-dom.development.js:22877:5)
    at captureCommitPhaseError (/home/julien/open-q/frontend/node_modules/react-dom/cjs/react-dom.development.js:27165:5) TypeError: setZoomedCard is not a function
    at /home/julien/open-q/frontend/src/components/CardZoomOverlay.tsx:32:9
    at commitHookEffectListMount (/home/julien/open-q/frontend/node_modules/react-dom/cjs/react-dom.development.js:23189:26)
    at commitPassiveMountOnFiber (/home/julien/open-q/frontend/node_modules/react-dom/cjs/react-dom.development.js:24970:11)
    at commitPassiveMountEffects_complete (/home/julien/open-q/frontend/node_modules/react-dom/cjs/react-dom.development.js:24930:9)
    at commitPassiveMountEffects_begin (/home/julien/open-q/frontend/node_modules/react-dom/cjs/react-dom.development.js:24917:7)
    at commitPassiveMountEffects (/home/julien/open-q/frontend/node_modules/react-dom/cjs/react-dom.development.js:24905:3)
    at flushPassiveEffectsImpl (/home/julien/open-q/frontend/node_modules/react-dom/cjs/react-dom.development.js:27078:3)
    at flushPassiveEffects (/home/julien/open-q/frontend/node_modules/react-dom/cjs/react-dom.development.js:27023:14)
    at /home/julien/open-q/frontend/node_modules/react-dom/cjs/react-dom.development.js:26808:9
    at flushActQueue (/home/julien/open-q/frontend/node_modules/react/cjs/react.development.js:2667:24)
⚠️ React Router Future Flag Warning: React Router will begin wrapping state updates in `React.startTransition` in v7. You can use the `v7_startTransition` future flag to opt-in early. For more information, see https://reactrouter.com/v6/upgrading/future#v7_starttransition.
⚠️ React Router Future Flag Warning: Relative route resolution within Splat routes is changing in v7. You can use the `v7_relativeSplatPath` future flag to opt-in early. For more information, see https://reactrouter.com/v6/upgrading/future#v7_relativesplatpath.
The above error occurred in the <CardZoomOverlay> component:

    at CardZoomOverlay (/home/julien/open-q/frontend/src/components/CardZoomOverlay.tsx:21:65)
    at LayoutProvider (/home/julien/open-q/frontend/src/contexts/LayoutContext.tsx:7:27)
    at StudyLayout
    at RenderedRoute (/home/julien/open-q/frontend/node_modules/react-router/dist/umd/react-router.development.js:539:7)
    at Routes (/home/julien/open-q/frontend/node_modules/react-router/dist/umd/react-router.development.js:1273:7)
    at Router (/home/julien/open-q/frontend/node_modules/react-router/dist/umd/react-router.development.js:1207:17)
    at MemoryRouter (/home/julien/open-q/frontend/node_modules/react-router/dist/umd/react-router.development.js:1101:7)

Consider adding an error boundary to your tree to customize error handling behavior.
Visit https://reactjs.org/link/error-boundaries to learn more about error boundaries.

stderr | src/pages/FineSortPage.integration.test.tsx > FineSortPage Integration > renders disabled "Finish Sorting" button when grid is NOT full
Error: Uncaught [TypeError: setZoomedCard is not a function]
    at reportException (/home/julien/open-q/frontend/node_modules/jsdom/lib/jsdom/living/helpers/runtime-script-errors.js:66:24)
    at innerInvokeEventListeners (/home/julien/open-q/frontend/node_modules/jsdom/lib/jsdom/living/events/EventTarget-impl.js:353:9)
    at invokeEventListeners (/home/julien/open-q/frontend/node_modules/jsdom/lib/jsdom/living/events/EventTarget-impl.js:286:3)
    at HTMLUnknownElementImpl._dispatch (/home/julien/open-q/frontend/node_modules/jsdom/lib/jsdom/living/events/EventTarget-impl.js:233:9)
    at HTMLUnknownElementImpl.dispatchEvent (/home/julien/open-q/frontend/node_modules/jsdom/lib/jsdom/living/events/EventTarget-impl.js:104:17)
    at HTMLUnknownElement.dispatchEvent (/home/julien/open-q/frontend/node_modules/jsdom/lib/jsdom/living/generated/EventTarget.js:241:34)
    at Object.invokeGuardedCallbackDev (/home/julien/open-q/frontend/node_modules/react-dom/cjs/react-dom.development.js:4213:16)
    at invokeGuardedCallback (/home/julien/open-q/frontend/node_modules/react-dom/cjs/react-dom.development.js:4277:31)
    at reportUncaughtErrorInDEV (/home/julien/open-q/frontend/node_modules/react-dom/cjs/react-dom.development.js:22877:5)
    at captureCommitPhaseError (/home/julien/open-q/frontend/node_modules/react-dom/cjs/react-dom.development.js:27165:5) TypeError: setZoomedCard is not a function
    at /home/julien/open-q/frontend/src/components/CardZoomOverlay.tsx:32:9
    at commitHookEffectListMount (/home/julien/open-q/frontend/node_modules/react-dom/cjs/react-dom.development.js:23189:26)
    at commitPassiveMountOnFiber (/home/julien/open-q/frontend/node_modules/react-dom/cjs/react-dom.development.js:24970:11)
    at commitPassiveMountEffects_complete (/home/julien/open-q/frontend/node_modules/react-dom/cjs/react-dom.development.js:24930:9)
    at commitPassiveMountEffects_begin (/home/julien/open-q/frontend/node_modules/react-dom/cjs/react-dom.development.js:24917:7)
    at commitPassiveMountEffects (/home/julien/open-q/frontend/node_modules/react-dom/cjs/react-dom.development.js:24905:3)
    at flushPassiveEffectsImpl (/home/julien/open-q/frontend/node_modules/react-dom/cjs/react-dom.development.js:27078:3)
    at flushPassiveEffects (/home/julien/open-q/frontend/node_modules/react-dom/cjs/react-dom.development.js:27023:14)
    at /home/julien/open-q/frontend/node_modules/react-dom/cjs/react-dom.development.js:26808:9
    at flushActQueue (/home/julien/open-q/frontend/node_modules/react/cjs/react.development.js:2667:24)
The above error occurred in the <CardZoomOverlay> component:

    at CardZoomOverlay (/home/julien/open-q/frontend/src/components/CardZoomOverlay.tsx:21:65)
    at LayoutProvider (/home/julien/open-q/frontend/src/contexts/LayoutContext.tsx:7:27)
    at StudyLayout
    at RenderedRoute (/home/julien/open-q/frontend/node_modules/react-router/dist/umd/react-router.development.js:539:7)
    at Routes (/home/julien/open-q/frontend/node_modules/react-router/dist/umd/react-router.development.js:1273:7)
    at Router (/home/julien/open-q/frontend/node_modules/react-router/dist/umd/react-router.development.js:1207:17)
    at MemoryRouter (/home/julien/open-q/frontend/node_modules/react-router/dist/umd/react-router.development.js:1101:7)

Consider adding an error boundary to your tree to customize error handling behavior.
Visit https://reactjs.org/link/error-boundaries to learn more about error boundaries.


⎯⎯⎯⎯⎯⎯⎯ Failed Tests 2 ⎯⎯⎯⎯⎯⎯⎯

 FAIL  src/pages/FineSortPage.integration.test.tsx > FineSortPage Integration > renders "Finish Sorting" button in Header when grid is full
 FAIL  src/pages/FineSortPage.integration.test.tsx > FineSortPage Integration > renders disabled "Finish Sorting" button when grid is NOT full
TypeError: setZoomedCard is not a function
 ❯ src/components/CardZoomOverlay.tsx:32:9
     30|     const location = useLocation();
     31|     React.useEffect(() => {
     32|         setZoomedCard(null);
       |         ^
     33|     }, [location.pathname, setZoomedCard]);
     34| 
 ❯ commitHookEffectListMount node_modules/react-dom/cjs/react-dom.development.js:23189:26
 ❯ commitPassiveMountOnFiber node_modules/react-dom/cjs/react-dom.development.js:24970:11
 ❯ commitPassiveMountEffects_complete node_modules/react-dom/cjs/react-dom.development.js:24930:9
 ❯ commitPassiveMountEffects_begin node_modules/react-dom/cjs/react-dom.development.js:24917:7
 ❯ commitPassiveMountEffects node_modules/react-dom/cjs/react-dom.development.js:24905:3
 ❯ flushPassiveEffectsImpl node_modules/react-dom/cjs/react-dom.development.js:27078:3
 ❯ flushPassiveEffects node_modules/react-dom/cjs/react-dom.development.js:27023:14
 ❯ node_modules/react-dom/cjs/react-dom.development.js:26808:9
 ❯ flushActQueue node_modules/react/cjs/react.development.js:2667:24

⎯⎯⎯⎯⎯⎯⎯⎯⎯⎯⎯⎯⎯⎯⎯⎯⎯⎯⎯⎯⎯⎯⎯⎯[1/2]⎯

 Test Files  1 failed (1)
      Tests  2 failed (2)
   Start at  16:47:38
   Duration  1.58s


 FAIL  Tests failed. Watching for file changes...
       press h to show help, press q to quit
       rerun x1
[2K[1A[2K[G[3Jc
 RERUN  src/components/GridSort.tsx x2

 ❯ src/pages/FineSortPage.integration.test.tsx  (2 tests | 2 failed) 367ms
   ❯ src/pages/FineSortPage.integration.test.tsx > FineSortPage Integration > renders "Finish Sorting" button in Header when grid is full
     → setZoomedCard is not a function
   ❯ src/pages/FineSortPage.integration.test.tsx > FineSortPage Integration > renders disabled "Finish Sorting" button when grid is NOT full
     → setZoomedCard is not a function
stderr | src/pages/FineSortPage.integration.test.tsx > FineSortPage Integration > renders "Finish Sorting" button in Header when grid is full
Warning: `ReactDOMTestUtils.act` is deprecated in favor of `React.act`. Import `act` from `react` instead of `react-dom/test-utils`. See https://react.dev/warnings/react-dom-test-utils for more info.
Error: Uncaught [TypeError: setZoomedCard is not a function]
    at reportException (/home/julien/open-q/frontend/node_modules/jsdom/lib/jsdom/living/helpers/runtime-script-errors.js:66:24)
    at innerInvokeEventListeners (/home/julien/open-q/frontend/node_modules/jsdom/lib/jsdom/living/events/EventTarget-impl.js:353:9)
    at invokeEventListeners (/home/julien/open-q/frontend/node_modules/jsdom/lib/jsdom/living/events/EventTarget-impl.js:286:3)
    at HTMLUnknownElementImpl._dispatch (/home/julien/open-q/frontend/node_modules/jsdom/lib/jsdom/living/events/EventTarget-impl.js:233:9)
    at HTMLUnknownElementImpl.dispatchEvent (/home/julien/open-q/frontend/node_modules/jsdom/lib/jsdom/living/events/EventTarget-impl.js:104:17)
    at HTMLUnknownElement.dispatchEvent (/home/julien/open-q/frontend/node_modules/jsdom/lib/jsdom/living/generated/EventTarget.js:241:34)
    at Object.invokeGuardedCallbackDev (/home/julien/open-q/frontend/node_modules/react-dom/cjs/react-dom.development.js:4213:16)
    at invokeGuardedCallback (/home/julien/open-q/frontend/node_modules/react-dom/cjs/react-dom.development.js:4277:31)
    at reportUncaughtErrorInDEV (/home/julien/open-q/frontend/node_modules/react-dom/cjs/react-dom.development.js:22877:5)
    at captureCommitPhaseError (/home/julien/open-q/frontend/node_modules/react-dom/cjs/react-dom.development.js:27165:5) TypeError: setZoomedCard is not a function
    at /home/julien/open-q/frontend/src/components/CardZoomOverlay.tsx:32:9
    at commitHookEffectListMount (/home/julien/open-q/frontend/node_modules/react-dom/cjs/react-dom.development.js:23189:26)
    at commitPassiveMountOnFiber (/home/julien/open-q/frontend/node_modules/react-dom/cjs/react-dom.development.js:24970:11)
    at commitPassiveMountEffects_complete (/home/julien/open-q/frontend/node_modules/react-dom/cjs/react-dom.development.js:24930:9)
    at commitPassiveMountEffects_begin (/home/julien/open-q/frontend/node_modules/react-dom/cjs/react-dom.development.js:24917:7)
    at commitPassiveMountEffects (/home/julien/open-q/frontend/node_modules/react-dom/cjs/react-dom.development.js:24905:3)
    at flushPassiveEffectsImpl (/home/julien/open-q/frontend/node_modules/react-dom/cjs/react-dom.development.js:27078:3)
    at flushPassiveEffects (/home/julien/open-q/frontend/node_modules/react-dom/cjs/react-dom.development.js:27023:14)
    at /home/julien/open-q/frontend/node_modules/react-dom/cjs/react-dom.development.js:26808:9
    at flushActQueue (/home/julien/open-q/frontend/node_modules/react/cjs/react.development.js:2667:24)
⚠️ React Router Future Flag Warning: React Router will begin wrapping state updates in `React.startTransition` in v7. You can use the `v7_startTransition` future flag to opt-in early. For more information, see https://reactrouter.com/v6/upgrading/future#v7_starttransition.
⚠️ React Router Future Flag Warning: Relative route resolution within Splat routes is changing in v7. You can use the `v7_relativeSplatPath` future flag to opt-in early. For more information, see https://reactrouter.com/v6/upgrading/future#v7_relativesplatpath.
The above error occurred in the <CardZoomOverlay> component:

    at CardZoomOverlay (/home/julien/open-q/frontend/src/components/CardZoomOverlay.tsx:21:65)
    at LayoutProvider (/home/julien/open-q/frontend/src/contexts/LayoutContext.tsx:7:27)
    at StudyLayout
    at RenderedRoute (/home/julien/open-q/frontend/node_modules/react-router/dist/umd/react-router.development.js:539:7)
    at Routes (/home/julien/open-q/frontend/node_modules/react-router/dist/umd/react-router.development.js:1273:7)
    at Router (/home/julien/open-q/frontend/node_modules/react-router/dist/umd/react-router.development.js:1207:17)
    at MemoryRouter (/home/julien/open-q/frontend/node_modules/react-router/dist/umd/react-router.development.js:1101:7)

Consider adding an error boundary to your tree to customize error handling behavior.
Visit https://reactjs.org/link/error-boundaries to learn more about error boundaries.

stderr | src/pages/FineSortPage.integration.test.tsx > FineSortPage Integration > renders disabled "Finish Sorting" button when grid is NOT full
Error: Uncaught [TypeError: setZoomedCard is not a function]
    at reportException (/home/julien/open-q/frontend/node_modules/jsdom/lib/jsdom/living/helpers/runtime-script-errors.js:66:24)
    at innerInvokeEventListeners (/home/julien/open-q/frontend/node_modules/jsdom/lib/jsdom/living/events/EventTarget-impl.js:353:9)
    at invokeEventListeners (/home/julien/open-q/frontend/node_modules/jsdom/lib/jsdom/living/events/EventTarget-impl.js:286:3)
    at HTMLUnknownElementImpl._dispatch (/home/julien/open-q/frontend/node_modules/jsdom/lib/jsdom/living/events/EventTarget-impl.js:233:9)
    at HTMLUnknownElementImpl.dispatchEvent (/home/julien/open-q/frontend/node_modules/jsdom/lib/jsdom/living/events/EventTarget-impl.js:104:17)
    at HTMLUnknownElement.dispatchEvent (/home/julien/open-q/frontend/node_modules/jsdom/lib/jsdom/living/generated/EventTarget.js:241:34)
    at Object.invokeGuardedCallbackDev (/home/julien/open-q/frontend/node_modules/react-dom/cjs/react-dom.development.js:4213:16)
    at invokeGuardedCallback (/home/julien/open-q/frontend/node_modules/react-dom/cjs/react-dom.development.js:4277:31)
    at reportUncaughtErrorInDEV (/home/julien/open-q/frontend/node_modules/react-dom/cjs/react-dom.development.js:22877:5)
    at captureCommitPhaseError (/home/julien/open-q/frontend/node_modules/react-dom/cjs/react-dom.development.js:27165:5) TypeError: setZoomedCard is not a function
    at /home/julien/open-q/frontend/src/components/CardZoomOverlay.tsx:32:9
    at commitHookEffectListMount (/home/julien/open-q/frontend/node_modules/react-dom/cjs/react-dom.development.js:23189:26)
    at commitPassiveMountOnFiber (/home/julien/open-q/frontend/node_modules/react-dom/cjs/react-dom.development.js:24970:11)
    at commitPassiveMountEffects_complete (/home/julien/open-q/frontend/node_modules/react-dom/cjs/react-dom.development.js:24930:9)
    at commitPassiveMountEffects_begin (/home/julien/open-q/frontend/node_modules/react-dom/cjs/react-dom.development.js:24917:7)
    at commitPassiveMountEffects (/home/julien/open-q/frontend/node_modules/react-dom/cjs/react-dom.development.js:24905:3)
    at flushPassiveEffectsImpl (/home/julien/open-q/frontend/node_modules/react-dom/cjs/react-dom.development.js:27078:3)
    at flushPassiveEffects (/home/julien/open-q/frontend/node_modules/react-dom/cjs/react-dom.development.js:27023:14)
    at /home/julien/open-q/frontend/node_modules/react-dom/cjs/react-dom.development.js:26808:9
    at flushActQueue (/home/julien/open-q/frontend/node_modules/react/cjs/react.development.js:2667:24)
The above error occurred in the <CardZoomOverlay> component:

    at CardZoomOverlay (/home/julien/open-q/frontend/src/components/CardZoomOverlay.tsx:21:65)
    at LayoutProvider (/home/julien/open-q/frontend/src/contexts/LayoutContext.tsx:7:27)
    at StudyLayout
    at RenderedRoute (/home/julien/open-q/frontend/node_modules/react-router/dist/umd/react-router.development.js:539:7)
    at Routes (/home/julien/open-q/frontend/node_modules/react-router/dist/umd/react-router.development.js:1273:7)
    at Router (/home/julien/open-q/frontend/node_modules/react-router/dist/umd/react-router.development.js:1207:17)
    at MemoryRouter (/home/julien/open-q/frontend/node_modules/react-router/dist/umd/react-router.development.js:1101:7)

Consider adding an error boundary to your tree to customize error handling behavior.
Visit https://reactjs.org/link/error-boundaries to learn more about error boundaries.


⎯⎯⎯⎯⎯⎯⎯ Failed Tests 2 ⎯⎯⎯⎯⎯⎯⎯

 FAIL  src/pages/FineSortPage.integration.test.tsx > FineSortPage Integration > renders "Finish Sorting" button in Header when grid is full
 FAIL  src/pages/FineSortPage.integration.test.tsx > FineSortPage Integration > renders disabled "Finish Sorting" button when grid is NOT full
TypeError: setZoomedCard is not a function
 ❯ src/components/CardZoomOverlay.tsx:32:9
     30|     const location = useLocation();
     31|     React.useEffect(() => {
     32|         setZoomedCard(null);
       |         ^
     33|     }, [location.pathname, setZoomedCard]);
     34| 
 ❯ commitHookEffectListMount node_modules/react-dom/cjs/react-dom.development.js:23189:26
 ❯ commitPassiveMountOnFiber node_modules/react-dom/cjs/react-dom.development.js:24970:11
 ❯ commitPassiveMountEffects_complete node_modules/react-dom/cjs/react-dom.development.js:24930:9
 ❯ commitPassiveMountEffects_begin node_modules/react-dom/cjs/react-dom.development.js:24917:7
 ❯ commitPassiveMountEffects node_modules/react-dom/cjs/react-dom.development.js:24905:3
 ❯ flushPassiveEffectsImpl node_modules/react-dom/cjs/react-dom.development.js:27078:3
 ❯ flushPassiveEffects node_modules/react-dom/cjs/react-dom.development.js:27023:14
 ❯ node_modules/react-dom/cjs/react-dom.development.js:26808:9
 ❯ flushActQueue node_modules/react/cjs/react.development.js:2667:24

⎯⎯⎯⎯⎯⎯⎯⎯⎯⎯⎯⎯⎯⎯⎯⎯⎯⎯⎯⎯⎯⎯⎯⎯[1/2]⎯

 Test Files  1 failed (1)
      Tests  2 failed (2)
   Start at  16:48:39
   Duration  2.01s


 FAIL  Tests failed. Watching for file changes...
       press h to show help, press q to quit
       rerun x2
[2K[1A[2K[G[3Jc
 RERUN  src/pages/FineSortPage.integration.test.tsx x3

 ❯ src/pages/FineSortPage.integration.test.tsx  (2 tests | 2 failed) 190ms
   ❯ src/pages/FineSortPage.integration.test.tsx > FineSortPage Integration > renders "Finish Sorting" button in Header when grid is full
     → setZoomedCard is not a function
   ❯ src/pages/FineSortPage.integration.test.tsx > FineSortPage Integration > renders disabled "Finish Sorting" button when grid is NOT full
     → setZoomedCard is not a function
stderr | src/pages/FineSortPage.integration.test.tsx > FineSortPage Integration > renders "Finish Sorting" button in Header when grid is full
Warning: `ReactDOMTestUtils.act` is deprecated in favor of `React.act`. Import `act` from `react` instead of `react-dom/test-utils`. See https://react.dev/warnings/react-dom-test-utils for more info.
Error: Uncaught [TypeError: setZoomedCard is not a function]
    at reportException (/home/julien/open-q/frontend/node_modules/jsdom/lib/jsdom/living/helpers/runtime-script-errors.js:66:24)
    at innerInvokeEventListeners (/home/julien/open-q/frontend/node_modules/jsdom/lib/jsdom/living/events/EventTarget-impl.js:353:9)
    at invokeEventListeners (/home/julien/open-q/frontend/node_modules/jsdom/lib/jsdom/living/events/EventTarget-impl.js:286:3)
    at HTMLUnknownElementImpl._dispatch (/home/julien/open-q/frontend/node_modules/jsdom/lib/jsdom/living/events/EventTarget-impl.js:233:9)
    at HTMLUnknownElementImpl.dispatchEvent (/home/julien/open-q/frontend/node_modules/jsdom/lib/jsdom/living/events/EventTarget-impl.js:104:17)
    at HTMLUnknownElement.dispatchEvent (/home/julien/open-q/frontend/node_modules/jsdom/lib/jsdom/living/generated/EventTarget.js:241:34)
    at Object.invokeGuardedCallbackDev (/home/julien/open-q/frontend/node_modules/react-dom/cjs/react-dom.development.js:4213:16)
    at invokeGuardedCallback (/home/julien/open-q/frontend/node_modules/react-dom/cjs/react-dom.development.js:4277:31)
    at reportUncaughtErrorInDEV (/home/julien/open-q/frontend/node_modules/react-dom/cjs/react-dom.development.js:22877:5)
    at captureCommitPhaseError (/home/julien/open-q/frontend/node_modules/react-dom/cjs/react-dom.development.js:27165:5) TypeError: setZoomedCard is not a function
    at /home/julien/open-q/frontend/src/components/CardZoomOverlay.tsx:32:9
    at commitHookEffectListMount (/home/julien/open-q/frontend/node_modules/react-dom/cjs/react-dom.development.js:23189:26)
    at commitPassiveMountOnFiber (/home/julien/open-q/frontend/node_modules/react-dom/cjs/react-dom.development.js:24970:11)
    at commitPassiveMountEffects_complete (/home/julien/open-q/frontend/node_modules/react-dom/cjs/react-dom.development.js:24930:9)
    at commitPassiveMountEffects_begin (/home/julien/open-q/frontend/node_modules/react-dom/cjs/react-dom.development.js:24917:7)
    at commitPassiveMountEffects (/home/julien/open-q/frontend/node_modules/react-dom/cjs/react-dom.development.js:24905:3)
    at flushPassiveEffectsImpl (/home/julien/open-q/frontend/node_modules/react-dom/cjs/react-dom.development.js:27078:3)
    at flushPassiveEffects (/home/julien/open-q/frontend/node_modules/react-dom/cjs/react-dom.development.js:27023:14)
    at /home/julien/open-q/frontend/node_modules/react-dom/cjs/react-dom.development.js:26808:9
    at flushActQueue (/home/julien/open-q/frontend/node_modules/react/cjs/react.development.js:2667:24)
⚠️ React Router Future Flag Warning: React Router will begin wrapping state updates in `React.startTransition` in v7. You can use the `v7_startTransition` future flag to opt-in early. For more information, see https://reactrouter.com/v6/upgrading/future#v7_starttransition.
⚠️ React Router Future Flag Warning: Relative route resolution within Splat routes is changing in v7. You can use the `v7_relativeSplatPath` future flag to opt-in early. For more information, see https://reactrouter.com/v6/upgrading/future#v7_relativesplatpath.
The above error occurred in the <CardZoomOverlay> component:

    at CardZoomOverlay (/home/julien/open-q/frontend/src/components/CardZoomOverlay.tsx:21:65)
    at LayoutProvider (/home/julien/open-q/frontend/src/contexts/LayoutContext.tsx:7:27)
    at StudyLayout
    at RenderedRoute (/home/julien/open-q/frontend/node_modules/react-router/dist/umd/react-router.development.js:539:7)
    at Routes (/home/julien/open-q/frontend/node_modules/react-router/dist/umd/react-router.development.js:1273:7)
    at Router (/home/julien/open-q/frontend/node_modules/react-router/dist/umd/react-router.development.js:1207:17)
    at MemoryRouter (/home/julien/open-q/frontend/node_modules/react-router/dist/umd/react-router.development.js:1101:7)

Consider adding an error boundary to your tree to customize error handling behavior.
Visit https://reactjs.org/link/error-boundaries to learn more about error boundaries.

stderr | src/pages/FineSortPage.integration.test.tsx > FineSortPage Integration > renders disabled "Finish Sorting" button when grid is NOT full
Error: Uncaught [TypeError: setZoomedCard is not a function]
    at reportException (/home/julien/open-q/frontend/node_modules/jsdom/lib/jsdom/living/helpers/runtime-script-errors.js:66:24)
    at innerInvokeEventListeners (/home/julien/open-q/frontend/node_modules/jsdom/lib/jsdom/living/events/EventTarget-impl.js:353:9)
    at invokeEventListeners (/home/julien/open-q/frontend/node_modules/jsdom/lib/jsdom/living/events/EventTarget-impl.js:286:3)
    at HTMLUnknownElementImpl._dispatch (/home/julien/open-q/frontend/node_modules/jsdom/lib/jsdom/living/events/EventTarget-impl.js:233:9)
    at HTMLUnknownElementImpl.dispatchEvent (/home/julien/open-q/frontend/node_modules/jsdom/lib/jsdom/living/events/EventTarget-impl.js:104:17)
    at HTMLUnknownElement.dispatchEvent (/home/julien/open-q/frontend/node_modules/jsdom/lib/jsdom/living/generated/EventTarget.js:241:34)
    at Object.invokeGuardedCallbackDev (/home/julien/open-q/frontend/node_modules/react-dom/cjs/react-dom.development.js:4213:16)
    at invokeGuardedCallback (/home/julien/open-q/frontend/node_modules/react-dom/cjs/react-dom.development.js:4277:31)
    at reportUncaughtErrorInDEV (/home/julien/open-q/frontend/node_modules/react-dom/cjs/react-dom.development.js:22877:5)
    at captureCommitPhaseError (/home/julien/open-q/frontend/node_modules/react-dom/cjs/react-dom.development.js:27165:5) TypeError: setZoomedCard is not a function
    at /home/julien/open-q/frontend/src/components/CardZoomOverlay.tsx:32:9
    at commitHookEffectListMount (/home/julien/open-q/frontend/node_modules/react-dom/cjs/react-dom.development.js:23189:26)
    at commitPassiveMountOnFiber (/home/julien/open-q/frontend/node_modules/react-dom/cjs/react-dom.development.js:24970:11)
    at commitPassiveMountEffects_complete (/home/julien/open-q/frontend/node_modules/react-dom/cjs/react-dom.development.js:24930:9)
    at commitPassiveMountEffects_begin (/home/julien/open-q/frontend/node_modules/react-dom/cjs/react-dom.development.js:24917:7)
    at commitPassiveMountEffects (/home/julien/open-q/frontend/node_modules/react-dom/cjs/react-dom.development.js:24905:3)
    at flushPassiveEffectsImpl (/home/julien/open-q/frontend/node_modules/react-dom/cjs/react-dom.development.js:27078:3)
    at flushPassiveEffects (/home/julien/open-q/frontend/node_modules/react-dom/cjs/react-dom.development.js:27023:14)
    at /home/julien/open-q/frontend/node_modules/react-dom/cjs/react-dom.development.js:26808:9
    at flushActQueue (/home/julien/open-q/frontend/node_modules/react/cjs/react.development.js:2667:24)
The above error occurred in the <CardZoomOverlay> component:

    at CardZoomOverlay (/home/julien/open-q/frontend/src/components/CardZoomOverlay.tsx:21:65)
    at LayoutProvider (/home/julien/open-q/frontend/src/contexts/LayoutContext.tsx:7:27)
    at StudyLayout
    at RenderedRoute (/home/julien/open-q/frontend/node_modules/react-router/dist/umd/react-router.development.js:539:7)
    at Routes (/home/julien/open-q/frontend/node_modules/react-router/dist/umd/react-router.development.js:1273:7)
    at Router (/home/julien/open-q/frontend/node_modules/react-router/dist/umd/react-router.development.js:1207:17)
    at MemoryRouter (/home/julien/open-q/frontend/node_modules/react-router/dist/umd/react-router.development.js:1101:7)

Consider adding an error boundary to your tree to customize error handling behavior.
Visit https://reactjs.org/link/error-boundaries to learn more about error boundaries.


⎯⎯⎯⎯⎯⎯⎯ Failed Tests 2 ⎯⎯⎯⎯⎯⎯⎯

 FAIL  src/pages/FineSortPage.integration.test.tsx > FineSortPage Integration > renders "Finish Sorting" button in Header when grid is full
 FAIL  src/pages/FineSortPage.integration.test.tsx > FineSortPage Integration > renders disabled "Finish Sorting" button when grid is NOT full
TypeError: setZoomedCard is not a function
 ❯ src/components/CardZoomOverlay.tsx:32:9
     30|     const location = useLocation();
     31|     React.useEffect(() => {
     32|         setZoomedCard(null);
       |         ^
     33|     }, [location.pathname, setZoomedCard]);
     34| 
 ❯ commitHookEffectListMount node_modules/react-dom/cjs/react-dom.development.js:23189:26
 ❯ commitPassiveMountOnFiber node_modules/react-dom/cjs/react-dom.development.js:24970:11
 ❯ commitPassiveMountEffects_complete node_modules/react-dom/cjs/react-dom.development.js:24930:9
 ❯ commitPassiveMountEffects_begin node_modules/react-dom/cjs/react-dom.development.js:24917:7
 ❯ commitPassiveMountEffects node_modules/react-dom/cjs/react-dom.development.js:24905:3
 ❯ flushPassiveEffectsImpl node_modules/react-dom/cjs/react-dom.development.js:27078:3
 ❯ flushPassiveEffects node_modules/react-dom/cjs/react-dom.development.js:27023:14
 ❯ node_modules/react-dom/cjs/react-dom.development.js:26808:9
 ❯ flushActQueue node_modules/react/cjs/react.development.js:2667:24

⎯⎯⎯⎯⎯⎯⎯⎯⎯⎯⎯⎯⎯⎯⎯⎯⎯⎯⎯⎯⎯⎯⎯⎯[1/2]⎯

 Test Files  1 failed (1)
      Tests  2 failed (2)
   Start at  16:49:18
   Duration  1.64s


 FAIL  Tests failed. Watching for file changes...
       press h to show help, press q to quit
       rerun x3
[2K[1A[2K[G[3Jc
 RERUN  src/pages/FineSortPage.integration.test.tsx x4

 ❯ src/pages/FineSortPage.integration.test.tsx  (2 tests | 1 failed) 338ms
   ❯ src/pages/FineSortPage.integration.test.tsx > FineSortPage Integration > renders disabled "Finish Sorting" button when grid is NOT full
     → setZoomedCard is not a function
stderr | src/pages/FineSortPage.integration.test.tsx > FineSortPage Integration > renders "Finish Sorting" button in Header when grid is full
Warning: `ReactDOMTestUtils.act` is deprecated in favor of `React.act`. Import `act` from `react` instead of `react-dom/test-utils`. See https://react.dev/warnings/react-dom-test-utils for more info.
⚠️ React Router Future Flag Warning: React Router will begin wrapping state updates in `React.startTransition` in v7. You can use the `v7_startTransition` future flag to opt-in early. For more information, see https://reactrouter.com/v6/upgrading/future#v7_starttransition.
⚠️ React Router Future Flag Warning: Relative route resolution within Splat routes is changing in v7. You can use the `v7_relativeSplatPath` future flag to opt-in early. For more information, see https://reactrouter.com/v6/upgrading/future#v7_relativesplatpath.

stderr | src/pages/FineSortPage.integration.test.tsx > FineSortPage Integration > renders disabled "Finish Sorting" button when grid is NOT full
Error: Uncaught [TypeError: setZoomedCard is not a function]
    at reportException (/home/julien/open-q/frontend/node_modules/jsdom/lib/jsdom/living/helpers/runtime-script-errors.js:66:24)
    at innerInvokeEventListeners (/home/julien/open-q/frontend/node_modules/jsdom/lib/jsdom/living/events/EventTarget-impl.js:353:9)
    at invokeEventListeners (/home/julien/open-q/frontend/node_modules/jsdom/lib/jsdom/living/events/EventTarget-impl.js:286:3)
    at HTMLUnknownElementImpl._dispatch (/home/julien/open-q/frontend/node_modules/jsdom/lib/jsdom/living/events/EventTarget-impl.js:233:9)
    at HTMLUnknownElementImpl.dispatchEvent (/home/julien/open-q/frontend/node_modules/jsdom/lib/jsdom/living/events/EventTarget-impl.js:104:17)
    at HTMLUnknownElement.dispatchEvent (/home/julien/open-q/frontend/node_modules/jsdom/lib/jsdom/living/generated/EventTarget.js:241:34)
    at Object.invokeGuardedCallbackDev (/home/julien/open-q/frontend/node_modules/react-dom/cjs/react-dom.development.js:4213:16)
    at invokeGuardedCallback (/home/julien/open-q/frontend/node_modules/react-dom/cjs/react-dom.development.js:4277:31)
    at reportUncaughtErrorInDEV (/home/julien/open-q/frontend/node_modules/react-dom/cjs/react-dom.development.js:22877:5)
    at captureCommitPhaseError (/home/julien/open-q/frontend/node_modules/react-dom/cjs/react-dom.development.js:27165:5) TypeError: setZoomedCard is not a function
    at /home/julien/open-q/frontend/src/components/CardZoomOverlay.tsx:32:9
    at commitHookEffectListMount (/home/julien/open-q/frontend/node_modules/react-dom/cjs/react-dom.development.js:23189:26)
    at commitPassiveMountOnFiber (/home/julien/open-q/frontend/node_modules/react-dom/cjs/react-dom.development.js:24970:11)
    at commitPassiveMountEffects_complete (/home/julien/open-q/frontend/node_modules/react-dom/cjs/react-dom.development.js:24930:9)
    at commitPassiveMountEffects_begin (/home/julien/open-q/frontend/node_modules/react-dom/cjs/react-dom.development.js:24917:7)
    at commitPassiveMountEffects (/home/julien/open-q/frontend/node_modules/react-dom/cjs/react-dom.development.js:24905:3)
    at flushPassiveEffectsImpl (/home/julien/open-q/frontend/node_modules/react-dom/cjs/react-dom.development.js:27078:3)
    at flushPassiveEffects (/home/julien/open-q/frontend/node_modules/react-dom/cjs/react-dom.development.js:27023:14)
    at /home/julien/open-q/frontend/node_modules/react-dom/cjs/react-dom.development.js:26808:9
    at flushActQueue (/home/julien/open-q/frontend/node_modules/react/cjs/react.development.js:2667:24)
The above error occurred in the <CardZoomOverlay> component:

    at CardZoomOverlay (/home/julien/open-q/frontend/src/components/CardZoomOverlay.tsx:21:65)
    at LayoutProvider (/home/julien/open-q/frontend/src/contexts/LayoutContext.tsx:7:27)
    at StudyLayout
    at RenderedRoute (/home/julien/open-q/frontend/node_modules/react-router/dist/umd/react-router.development.js:539:7)
    at Routes (/home/julien/open-q/frontend/node_modules/react-router/dist/umd/react-router.development.js:1273:7)
    at Router (/home/julien/open-q/frontend/node_modules/react-router/dist/umd/react-router.development.js:1207:17)
    at MemoryRouter (/home/julien/open-q/frontend/node_modules/react-router/dist/umd/react-router.development.js:1101:7)

Consider adding an error boundary to your tree to customize error handling behavior.
Visit https://reactjs.org/link/error-boundaries to learn more about error boundaries.


⎯⎯⎯⎯⎯⎯⎯ Failed Tests 1 ⎯⎯⎯⎯⎯⎯⎯

 FAIL  src/pages/FineSortPage.integration.test.tsx > FineSortPage Integration > renders disabled "Finish Sorting" button when grid is NOT full
TypeError: setZoomedCard is not a function
 ❯ src/components/CardZoomOverlay.tsx:32:9
     30|     const location = useLocation();
     31|     React.useEffect(() => {
     32|         setZoomedCard(null);
       |         ^
     33|     }, [location.pathname, setZoomedCard]);
     34| 
 ❯ commitHookEffectListMount node_modules/react-dom/cjs/react-dom.development.js:23189:26
 ❯ commitPassiveMountOnFiber node_modules/react-dom/cjs/react-dom.development.js:24970:11
 ❯ commitPassiveMountEffects_complete node_modules/react-dom/cjs/react-dom.development.js:24930:9
 ❯ commitPassiveMountEffects_begin node_modules/react-dom/cjs/react-dom.development.js:24917:7
 ❯ commitPassiveMountEffects node_modules/react-dom/cjs/react-dom.development.js:24905:3
 ❯ flushPassiveEffectsImpl node_modules/react-dom/cjs/react-dom.development.js:27078:3
 ❯ flushPassiveEffects node_modules/react-dom/cjs/react-dom.development.js:27023:14
 ❯ node_modules/react-dom/cjs/react-dom.development.js:26808:9
 ❯ flushActQueue node_modules/react/cjs/react.development.js:2667:24

⎯⎯⎯⎯⎯⎯⎯⎯⎯⎯⎯⎯⎯⎯⎯⎯⎯⎯⎯⎯⎯⎯⎯⎯[1/1]⎯

 Test Files  1 failed (1)
      Tests  1 failed | 1 passed (2)
   Start at  16:49:52
   Duration  1.61s


 FAIL  Tests failed. Watching for file changes...
       press h to show help, press q to quit
       rerun x4
[2K[1A[2K[G[3Jc
 RERUN  src/pages/FineSortPage.integration.test.tsx x5

stderr | src/pages/FineSortPage.integration.test.tsx > FineSortPage Integration > renders "Finish Sorting" button in Header when grid is full
Warning: `ReactDOMTestUtils.act` is deprecated in favor of `React.act`. Import `act` from `react` instead of `react-dom/test-utils`. See https://react.dev/warnings/react-dom-test-utils for more info.
⚠️ React Router Future Flag Warning: React Router will begin wrapping state updates in `React.startTransition` in v7. You can use the `v7_startTransition` future flag to opt-in early. For more information, see https://reactrouter.com/v6/upgrading/future#v7_starttransition.
⚠️ React Router Future Flag Warning: Relative route resolution within Splat routes is changing in v7. You can use the `v7_relativeSplatPath` future flag to opt-in early. For more information, see https://reactrouter.com/v6/upgrading/future#v7_relativesplatpath.

 ❯ src/pages/FineSortPage.integration.test.tsx  (2 tests | 1 failed) 702ms
   ❯ src/pages/FineSortPage.integration.test.tsx > FineSortPage Integration > renders disabled "Finish Sorting" button when grid is NOT full
     → Unable to find an accessible element with the role "button" and name `/fine.actions.finish/i`

Here are the accessible roles:

  banner:

  Name "":
  [36m<header[39m
    [33mclass[39m=[32m"px-6 h-16 border-b border-slate-200 bg-white sticky top-0 z-50 flex items-center justify-between relative shadow-sm"[39m
  [36m/>[39m

  --------------------------------------------------
  button:

  Name "Change language":
  [36m<button[39m
    [33mclass[39m=[32m"p-2 rounded-full hover:bg-slate-100 text-slate-600 transition-colors"[39m
    [33mtitle[39m=[32m"Change language"[39m
  [36m/>[39m

  --------------------------------------------------
  main:

  Name "":
  [36m<main[39m
    [33mclass[39m=[32m"flex-1 w-full mx-auto relative flex flex-col bg-slate-50 custom-scrollbar overflow-y-auto"[39m
  [36m/>[39m

  --------------------------------------------------
  status:

  Name "":
  [36m<div[39m
    [33maria-atomic[39m=[32m"true"[39m
    [33maria-live[39m=[32m"assertive"[39m
    [33mid[39m=[32m"DndLiveRegion-1"[39m
    [33mrole[39m=[32m"status"[39m
    [33mstyle[39m=[32m"position: fixed; top: 0px; left: 0px; width: 1px; height: 1px; margin: -1px; border: 0px; padding: 0px; overflow: hidden; clip-path: inset(100%); white-space: nowrap;"[39m
  [36m/>[39m

  --------------------------------------------------

Ignored nodes: comments, script, style
[36m<body>[39m
  [36m<div>[39m
    [36m<div[39m
      [33mclass[39m=[32m"h-dvh bg-gray-50 flex flex-col overflow-hidden"[39m
    [36m>[39m
      [36m<header[39m
        [33mclass[39m=[32m"px-6 h-16 border-b border-slate-200 bg-white sticky top-0 z-50 flex items-center justify-between relative shadow-sm"[39m
      [36m>[39m
        [36m<div[39m
          [33mclass[39m=[32m"md:hidden absolute top-0 left-0 w-full h-1 bg-slate-100"[39m
        [36m>[39m
          [36m<div[39m
            [33mclass[39m=[32m"h-full bg-blue-600 transition-all duration-300 ease-in-out"[39m
            [33mstyle[39m=[32m"width: 80%;"[39m
          [36m/>[39m
        [36m</div>[39m
        [36m<div[39m
          [33mclass[39m=[32m"flex items-center gap-3 min-w-0"[39m
        [36m>[39m
          [36m<div[39m
            [33mclass[39m=[32m"font-semibold text-slate-800 text-lg truncate max-w-[200px] md:max-w-md"[39m
          [36m>[39m
            [0mQ-Method Study[0m
          [36m</div>[39m
          [36m<div[39m
            [33mclass[39m=[32m"flex items-center gap-1.5"[39m
          [36m>[39m
            [36m<div[39m
              [33mclass[39m=[32m"w-1.5 h-1.5 rounded-full transition-all duration-300 bg-green-500"[39m
            [36m/>[39m
            [36m<span[39m
              [33mclass[39m=[32m"text-[9px] font-medium text-slate-400 uppercase tracking-wider hidden sm:inline"[39m
            [36m>[39m
              [0mcommon.saved[0m
            [36m</span>[39m
          [36m</div>[39m
          [36m<span[39m
            [33mclass[39m=[32m"md:hidden text-xs font-medium text-slate-500 bg-slate-100 px-2 py-0.5 rounded-full whitespace-nowrap"[39m
          [36m>[39m
            [0mlayout.mobile_step[0m
            [0m [0m
            [0m4[0m
            [0m/[0m
            [0m5[0m
          [36m</span>[39m
        [36m</div>[39m
        [36m<div[39m
          [33mclass[39m=[32m"hidden md:flex absolute left-1/2 top-1/2 -translate-x-1/2 -translate-y-1/2 items-center"[39m
        [36m>[39m
          [36m<div[39m
            [33mclass[39m=[32m"flex items-center gap-1"[39m
          [36m>[39m
            [36m<div[39m
              [33mclass[39m=[32m"flex items-center"[39m
            [36m>[39m
              [36m<div[39m
                [33mclass[39m=[32m"
                           w-8 h-8 rounded-full flex items-center justify-center border-2 transition-all duration-300
                           bg-blue-600 border-blue-600 text-white
                       "[39m
              [36m>[39m
                [36m<svg[39m
                  [33mclass[39m=[32m"lucide lucide-check "[39m
                  [33mfill[39m=[32m"none"[39m
                  [33mheight[39m=[32m"16"[39m
                  [33mstroke[39m=[32m"currentColor"[39m
                  [33mstroke-linecap[39m=[32m"round"[39m
                  [33mstroke-linejoin[39m=[32m"round"[39m
                  [33mstroke-width[39m=[32m"3"[39m
                  [33mviewBox[39m=[32m"0 0 24 24"[39m
                  [33mwidth[39m=[32m"16"[39m
                  [33mxmlns[39m=[32m"http://www.w3.org/2000/svg"[39m
                [36m>[39m
                  [36m<path[39m
                    [33md[39m=[32m"M20 6 9 17l-5-5"[39m
                  [36m/>[39m
                [36m</svg>[39m
              [36m</div>[39m
            [36m</div>[39m
            [36m<div[39m
              [33mclass[39m=[32m"flex items-center"[39m
            [36m>[39m
              [36m<div[39m
                [33mclass[39m=[32m"w-8 h-0.5 mx-2 transition-colors duration-300 bg-blue-600"[39m
              [36m/>[39m
              [36m<div[39m
                [33mclass[39m=[32m"
                           w-8 h-8 rounded-full flex items-center justify-center border-2 transition-all duration-300
                           bg-blue-600 border-blue-600 text-white
                       "[39m
              [36m>[39m
                [36m<svg[39m
                  [33mclass[39m=[32m"lucide lucide-check "[39m
                  [33mfill[39m=[32m"none"[39m
                  [33mheight[39m=[32m"16"[39m
                  [33mstroke[39m=[32m"currentColor"[39m
                  [33mstroke-linecap[39m=[32m"round"[39m
                  [33mstroke-linejoin[39m=[32m"round"[39m
                  [33mstroke-width[39m=[32m"3"[39m
                  [33mviewBox[39m=[32m"0 0 24 24"[39m
                  [33mwidth[39m=[32m"16"[39m
                  [33mxmlns[39m=[32m"http://www.w3.org/2000/svg"[39m
                [36m>[39m
                  [36m<path[39m
                    [33md[39m=[32m"M20 6 9 17l-5-5"[39m
                  [36m/>[39m
                [36m</svg>[39m
              [36m</div>[39m
            [36m</div>[39m
            [36m<div[39m
              [33mclass[39m=[32m"flex items-center"[39m
            [36m>[39m
              [36m<div[39m
                [33mclass[39m=[32m"w-8 h-0.5 mx-2 transition-colors duration-300 bg-blue-600"[39m
              [36m/>[39m
              [36m<div[39m
                [33mclass[39m=[32m"
                           w-8 h-8 rounded-full flex items-center justify-center border-2 transition-all duration-300
                           bg-blue-600 border-blue-600 text-white
                       "[39m
              [36m>[39m
                [36m<svg[39m
                  [33mclass[39m=[32m"lucide lucide-check "[39m
                  [33mfill[39m=[32m"none"[39m
                  [33mheight[39m=[32m"16"[39m
                  [33mstroke[39m=[32m"currentColor"[39m
                  [33mstroke-linecap[39m=[32m"round"[39m
                  [33mstroke-linejoin[39m=[32m"round"[39m
                  [33mstroke-width[39m=[32m"3"[39m
                  [33mviewBox[39m=[32m"0 0 24 24"[39m
                  [33mwidth[39m=[32m"16"[39m
                  [33mxmlns[39m=[32m"http://www.w3.org/2000/svg"[39m
                [36m>[39m
                  [36m<path[39m
                    [33md[39m=[32m"M20 6 9 17l-5-5"[39m
                  [36m/>[39m
                [36m</svg>[39m
              [36m</div>[39m
            [36m</div>[39m
            [36m<div[39m
              [33mclass[39m=[32m"flex items-center"[39m
            [36m>[39m
              [36m<div[39m
                [33mclass[39m=[32m"w-8 h-0.5 mx-2 transition-colors duration-300 bg-blue-600"[39m
              [36m/>[39m
              [36m<div[39m
                [33mclass[39m=[32m"
                           w-8 h-8 rounded-full flex items-center justify-center border-2 transition-all duration-300
                           border-blue-600 text-blue-600 bg-white shadow-sm ring-4 ring-blue-50
                       "[39m
              [36m>[39m
                [36m<div[39m
                  [33mclass[39m=[32m"w-2.5 h-2.5 bg-blue-600 rounded-full"[39m
                [36m/>[39m
              [36m</div>[39m
              [36m<span[39m
                [33mclass[39m=[32m"ml-3 font-bold text-slate-800 text-sm whitespace-nowrap animate-in fade-in slide-in-from-left-2"[39m
              [36m>[39m
                [0mlayout.steps.fine[0m
              [36m</span>[39m
            [36m</div>[39m
            [36m<div[39m
              [33mclass[39m=[32m"flex items-center"[39m
            [36m>[39m
              [36m<div[39m
                [33mclass[39m=[32m"w-8 h-0.5 mx-2 transition-colors duration-300 bg-slate-200"[39m
              [36m/>[39m
              [36m<div[39m
                [33mclass[39m=[32m"
                           w-8 h-8 rounded-full flex items-center justify-center border-2 transition-all duration-300
                           border-slate-200 bg-slate-50 text-slate-300
                       "[39m
              [36m>[39m
                [36m<div[39m
                  [33mclass[39m=[32m"w-2 h-2 bg-slate-300 rounded-full"[39m
                [36m/>[39m
              [36m</div>[39m
            [36m</div>[39m
          [36m</div>[39m
        [36m</div>[39m
        [36m<div[39m
          [33mclass[39m=[32m"flex items-center gap-3"[39m
        [36m>[39m
          [36m<div[39m
            [33mclass[39m=[32m"relative"[39m
          [36m>[39m
            [36m<button[39m
              [33mclass[39m=[32m"p-2 rounded-full hover:bg-slate-100 text-slate-600 transition-colors"[39m
              [33mtitle[39m=[32m"Change language"[39m
            [36m>[39m
              [36m<svg[39m
                [33mclass[39m=[32m"lucide lucide-globe "[39m
                [33mfill[39m=[32m"none"[39m
                [33mheight[39m=[32m"20"[39m
                [33mstroke[39m=[32m"currentColor"[39m
                [33mstroke-linecap[39m=[32m"round"[39m
                [33mstroke-linejoin[39m=[32m"round"[39m
                [33mstroke-width[39m=[32m"2"[39m
                [33mviewBox[39m=[32m"0 0 24 24"[39m
                [33mwidth[39m=[32m"20"[39m
                [33mxmlns[39m=[32m"http://www.w3.org/2000/svg"[39m
              [36m>[39m
                [36m<circle[39m
                  [33mcx[39m=[32m"12"[39m
                  [33mcy[39m=[32m"12"[39m
                  [33mr[39m=[32m"10"[39m
                [36m/>[39m
                [36m<path[39m
                  [33md[39m=[32m"M12 2a14.5 14.5 0 0 0 0 20 14.5 14.5 0 0 0 0-20"[39m
                [36m/>[39m
                [36m<path[39m
                  [33md[39m=[32m"M2 12h20"[39m
                [36m/>[39m
              [36m</svg>[39m
            [36m</button>[39m
          [36m</div>[39m
          [36m<div[39m
            [33mclass[39m=[32m"hidden md:block"[39m
          [36m/>[39m
        [36m</div>[39m
      [36m</header>[39m
      [36m<main[39m
        [33mclass[39m=[32m"flex-1 w-full mx-auto relative flex flex-col bg-slate-50 custom-scrollbar overflow-y-auto"[39m
      [36m>[39m
        [36m<div[39m
          [33mclass[39m=[32m"flex-1 min-h-0 flex flex-col transition-opacity duration-300 opacity-100"[39m
        [36m>[39m
          [36m<div[39m
            [33mclass[39m=[32m"h-full overflow-hidden"[39m
          [36m>[39m
            [36m<div[39m
              [33mdata-testid[39m=[32m"grid-sort"[39m
            [36m>[39m
              [0mGridSort[0m
            [36m</div>[39m
          [36m</div>[39m
          [36m<div[39m
            [33mid[39m=[32m"DndDescribedBy-1"[39m
            [33mstyle[39m=[32m"display: none;"[39m
          [36m>[39m
            [0m
    To pick up a draggable item, press the space bar.
    While dragging, use the arrow keys to move the item.
    Press space again to drop the item in its new position, or press escape to cancel.
  [0m
          [36m</div>[39m
          [36m<div[39m
            [33maria-atomic[39m=[32m"true"[39m
            [33maria-live[39m=[32m"assertive"[39m
            [33mid[39m=[32m"DndLiveRegion-1"[39m
            [33mrole[39m=[32m"status"[39m
            [33mstyle[39m=[32m"position: fixed; top: 0px; left: 0px; width: 1px; height: 1px; margin: -1px; border: 0px; padding: 0px; overflow: hidden; clip-path: inset(100%); white-space: nowrap;"[39m
          [36m/>[39m
        [36m</div>[39m
      [36m</main>[39m
    [36m</div>[39m
  [36m</div>[39m
[36m</body>[39m

⎯⎯⎯⎯⎯⎯⎯ Failed Tests 1 ⎯⎯⎯⎯⎯⎯⎯

 FAIL  src/pages/FineSortPage.integration.test.tsx > FineSortPage Integration > renders disabled "Finish Sorting" button when grid is NOT full
TestingLibraryElementError: Unable to find an accessible element with the role "button" and name `/fine.actions.finish/i`

Here are the accessible roles:

  banner:

  Name "":
  [36m<header[39m
    [33mclass[39m=[32m"px-6 h-16 border-b border-slate-200 bg-white sticky top-0 z-50 flex items-center justify-between relative shadow-sm"[39m
  [36m/>[39m

  --------------------------------------------------
  button:

  Name "Change language":
  [36m<button[39m
    [33mclass[39m=[32m"p-2 rounded-full hover:bg-slate-100 text-slate-600 transition-colors"[39m
    [33mtitle[39m=[32m"Change language"[39m
  [36m/>[39m

  --------------------------------------------------
  main:

  Name "":
  [36m<main[39m
    [33mclass[39m=[32m"flex-1 w-full mx-auto relative flex flex-col bg-slate-50 custom-scrollbar overflow-y-auto"[39m
  [36m/>[39m

  --------------------------------------------------
  status:

  Name "":
  [36m<div[39m
    [33maria-atomic[39m=[32m"true"[39m
    [33maria-live[39m=[32m"assertive"[39m
    [33mid[39m=[32m"DndLiveRegion-1"[39m
    [33mrole[39m=[32m"status"[39m
    [33mstyle[39m=[32m"position: fixed; top: 0px; left: 0px; width: 1px; height: 1px; margin: -1px; border: 0px; padding: 0px; overflow: hidden; clip-path: inset(100%); white-space: nowrap;"[39m
  [36m/>[39m

  --------------------------------------------------

Ignored nodes: comments, script, style
[36m<body>[39m
  [36m<div>[39m
    [36m<div[39m
      [33mclass[39m=[32m"h-dvh bg-gray-50 flex flex-col overflow-hidden"[39m
    [36m>[39m
      [36m<header[39m
        [33mclass[39m=[32m"px-6 h-16 border-b border-slate-200 bg-white sticky top-0 z-50 flex items-center justify-between relative shadow-sm"[39m
      [36m>[39m
        [36m<div[39m
          [33mclass[39m=[32m"md:hidden absolute top-0 left-0 w-full h-1 bg-slate-100"[39m
        [36m>[39m
          [36m<div[39m
            [33mclass[39m=[32m"h-full bg-blue-600 transition-all duration-300 ease-in-out"[39m
            [33mstyle[39m=[32m"width: 80%;"[39m
          [36m/>[39m
        [36m</div>[39m
        [36m<div[39m
          [33mclass[39m=[32m"flex items-center gap-3 min-w-0"[39m
        [36m>[39m
          [36m<div[39m
            [33mclass[39m=[32m"font-semibold text-slate-800 text-lg truncate max-w-[200px] md:max-w-md"[39m
          [36m>[39m
            [0mQ-Method Study[0m
          [36m</div>[39m
          [36m<div[39m
            [33mclass[39m=[32m"flex items-center gap-1.5"[39m
          [36m>[39m
            [36m<div[39m
              [33mclass[39m=[32m"w-1.5 h-1.5 rounded-full transition-all duration-300 bg-green-500"[39m
            [36m/>[39m
            [36m<span[39m
              [33mclass[39m=[32m"text-[9px] font-medium text-slate-400 uppercase tracking-wider hidden sm:inline"[39m
            [36m>[39m
              [0mcommon.saved[0m
            [36m</span>[39m
          [36m</div>[39m
          [36m<span[39m
            [33mclass[39m=[32m"md:hidden text-xs font-medium text-slate-500 bg-slate-100 px-2 py-0.5 rounded-full whitespace-nowrap"[39m
          [36m>[39m
            [0mlayout.mobile_step[0m
            [0m [0m
            [0m4[0m
            [0m/[0m
            [0m5[0m
          [36m</span>[39m
        [36m</div>[39m
        [36m<div[39m
          [33mclass[39m=[32m"hidden md:flex absolute left-1/2 top-1/2 -translate-x-1/2 -translate-y-1/2 items-center"[39m
        [36m>[39m
          [36m<div[39m
            [33mclass[39m=[32m"flex items-center gap-1"[39m
          [36m>[39m
            [36m<div[39m
              [33mclass[39m=[32m"flex items-center"[39m
            [36m>[39m
              [36m<div[39m
                [33mclass[39m=[32m"
                           w-8 h-8 rounded-full flex items-center justify-center border-2 transition-all duration-300
                           bg-blue-600 border-blue-600 text-white
                       "[39m
              [36m>[39m
                [36m<svg[39m
                  [33mclass[39m=[32m"lucide lucide-check "[39m
                  [33mfill[39m=[32m"none"[39m
                  [33mheight[39m=[32m"16"[39m
                  [33mstroke[39m=[32m"currentColor"[39m
                  [33mstroke-linecap[39m=[32m"round"[39m
                  [33mstroke-linejoin[39m=[32m"round"[39m
                  [33mstroke-width[39m=[32m"3"[39m
                  [33mviewBox[39m=[32m"0 0 24 24"[39m
                  [33mwidth[39m=[32m"16"[39m
                  [33mxmlns[39m=[32m"http://www.w3.org/2000/svg"[39m
                [36m>[39m
                  [36m<path[39m
                    [33md[39m=[32m"M20 6 9 17l-5-5"[39m
                  [36m/>[39m
                [36m</svg>[39m
              [36m</div>[39m
            [36m</div>[39m
            [36m<div[39m
              [33mclass[39m=[32m"flex items-center"[39m
            [36m>[39m
              [36m<div[39m
                [33mclass[39m=[32m"w-8 h-0.5 mx-2 transition-colors duration-300 bg-blue-600"[39m
              [36m/>[39m
              [36m<div[39m
                [33mclass[39m=[32m"
                           w-8 h-8 rounded-full flex items-center justify-center border-2 transition-all duration-300
                           bg-blue-600 border-blue-600 text-white
                       "[39m
              [36m>[39m
                [36m<svg[39m
                  [33mclass[39m=[32m"lucide lucide-check "[39m
                  [33mfill[39m=[32m"none"[39m
                  [33mheight[39m=[32m"16"[39m
                  [33mstroke[39m=[32m"currentColor"[39m
                  [33mstroke-linecap[39m=[32m"round"[39m
                  [33mstroke-linejoin[39m=[32m"round"[39m
                  [33mstroke-width[39m=[32m"3"[39m
                  [33mviewBox[39m=[32m"0 0 24 24"[39m
                  [33mwidth[39m=[32m"16"[39m
                  [33mxmlns[39m=[32m"http://www.w3.org/2000/svg"[39m
                [36m>[39m
                  [36m<path[39m
                    [33md[39m=[32m"M20 6 9 17l-5-5"[39m
                  [36m/>[39m
                [36m</svg>[39m
              [36m</div>[39m
            [36m</div>[39m
            [36m<div[39m
              [33mclass[39m=[32m"flex items-center"[39m
            [36m>[39m
              [36m<div[39m
                [33mclass[39m=[32m"w-8 h-0.5 mx-2 transition-colors duration-300 bg-blue-600"[39m
              [36m/>[39m
              [36m<div[39m
                [33mclass[39m=[32m"
                           w-8 h-8 rounded-full flex items-center justify-center border-2 transition-all duration-300
                           bg-blue-600 border-blue-600 text-white
                       "[39m
              [36m>[39m
                [36m<svg[39m
                  [33mclass[39m=[32m"lucide lucide-check "[39m
                  [33mfill[39m=[32m"none"[39m
                  [33mheight[39m=[32m"16"[39m
                  [33mstroke[39m=[32m"currentColor"[39m
                  [33mstroke-linecap[39m=[32m"round"[39m
                  [33mstroke-linejoin[39m=[32m"round"[39m
                  [33mstroke-width[39m=[32m"3"[39m
                  [33mviewBox[39m=[32m"0 0 24 24"[39m
                  [33mwidth[39m=[32m"16"[39m
                  [33mxmlns[39m=[32m"http://www.w3.org/2000/svg"[39m
                [36m>[39m
                  [36m<path[39m
                    [33md[39m=[32m"M20 6 9 17l-5-5"[39m
                  [36m/>[39m
                [36m</svg>[39m
              [36m</div>[39m
            [36m</div>[39m
            [36m<div[39m
              [33mclass[39m=[32m"flex items-center"[39m
            [36m>[39m
              [36m<div[39m
                [33mclass[39m=[32m"w-8 h-0.5 mx-2 transition-colors duration-300 bg-blue-600"[39m
              [36m/>[39m
              [36m<div[39m
                [33mclass[39m=[32m"
                           w-8 h-8 rounded-full flex items-center justify-center border-2 transition-all duration-300
                           border-blue-600 text-blue-600 bg-white shadow-sm ring-4 ring-blue-50
                       "[39m
              [36m>[39m
                [36m<div[39m
                  [33mclass[39m=[32m"w-2.5 h-2.5 bg-blue-600 rounded-full"[39m
                [36m/>[39m
              [36m</div>[39m
              [36m<span[39m
                [33mclass[39m=[32m"ml-3 font-bold text-slate-800 text-sm whitespace-nowrap animate-in fade-in slide-in-from-left-2"[39m
              [36m>[39m
                [0mlayout.steps.fine[0m
              [36m</span>[39m
            [36m</div>[39m
            [36m<div[39m
              [33mclass[39m=[32m"flex items-center"[39m
            [36m>[39m
              [36m<div[39m
                [33mclass[39m=[32m"w-8 h-0.5 mx-2 transition-colors duration-300 bg-slate-200"[39m
              [36m/>[39m
              [36m<div[39m
                [33mclass[39m=[32m"
                           w-8 h-8 rounded-full flex items-center justify-center border-2 transition-all duration-300
                           border-slate-200 bg-slate-50 text-slate-300
                       "[39m
              [36m>[39m
                [36m<div[39m
                  [33mclass[39m=[32m"w-2 h-2 bg-slate-300 rounded-full"[39m
                [36m/>[39m
              [36m</div>[39m
            [36m</div>[39m
          [36m</div>[39m
        [36m</div>[39m
        [36m<div[39m
          [33mclass[39m=[32m"flex items-center gap-3"[39m
        [36m>[39m
          [36m<div[39m
            [33mclass[39m=[32m"relative"[39m
          [36m>[39m
            [36m<button[39m
              [33mclass[39m=[32m"p-2 rounded-full hover:bg-slate-100 text-slate-600 transition-colors"[39m
              [33mtitle[39m=[32m"Change language"[39m
            [36m>[39m
              [36m<svg[39m
                [33mclass[39m=[32m"lucide lucide-globe "[39m
                [33mfill[39m=[32m"none"[39m
                [33mheight[39m=[32m"20"[39m
                [33mstroke[39m=[32m"currentColor"[39m
                [33mstroke-linecap[39m=[32m"round"[39m
                [33mstroke-linejoin[39m=[32m"round"[39m
                [33mstroke-width[39m=[32m"2"[39m
                [33mviewBox[39m=[32m"0 0 24 24"[39m
                [33mwidth[39m=[32m"20"[39m
                [33mxmlns[39m=[32m"http://www.w3.org/2000/svg"[39m
              [36m>[39m
                [36m<circle[39m
                  [33mcx[39m=[32m"12"[39m
                  [33mcy[39m=[32m"12"[39m
                  [33mr[39m=[32m"10"[39m
                [36m/>[39m
                [36m<path[39m
                  [33md[39m=[32m"M12 2a14.5 14.5 0 0 0 0 20 14.5 14.5 0 0 0 0-20"[39m
                [36m/>[39m
                [36m<path[39m
                  [33md[39m=[32m"M2 12h20"[39m
                [36m/>[39m
              [36m</svg>[39m
            [36m</button>[39m
          [36m</div>[39m
          [36m<div[39m
            [33mclass[39m=[32m"hidden md:block"[39m
          [36m/>[39m
        [36m</div>[39m
      [36m</header>[39m
      [36m<main[39m
        [33mclass[39m=[32m"flex-1 w-full mx-auto relative flex flex-col bg-slate-50 custom-scrollbar overflow-y-auto"[39m
      [36m>[39m
        [36m<div[39m
          [33mclass[39m=[32m"flex-1 min-h-0 flex flex-col transition-opacity duration-300 opacity-100"[39m
        [36m>[39m
          [36m<div[39m
            [33mclass[39m=[32m"h-full overflow-hidden"[39m
          [36m>[39m
            [36m<div[39m
              [33mdata-testid[39m=[32m"grid-sort"[39m
            [36m>[39m
              [0mGridSort[0m
            [36m</div>[39m
          [36m</div>[39m
          [36m<div[39m
            [33mid[39m=[32m"DndDescribedBy-1"[39m
            [33mstyle[39m=[32m"display: none;"[39m
          [36m>[39m
            [0m
    To pick up a draggable item, press the space bar.
    While dragging, use the arrow keys to move the item.
    Press space again to drop the item in its new position, or press escape to cancel.
  [0m
          [36m</div>[39m
          [36m<div[39m
            [33maria-atomic[39m=[32m"true"[39m
            [33maria-live[39m=[32m"assertive"[39m
            [33mid[39m=[32m"DndLiveRegion-1"[39m
            [33mrole[39m=[32m"status"[39m
            [33mstyle[39m=[32m"position: fixed; top: 0px; left: 0px; width: 1px; height: 1px; margin: -1px; border: 0px; padding: 0px; overflow: hidden; clip-path: inset(100%); white-space: nowrap;"[39m
          [36m/>[39m
        [36m</div>[39m
      [36m</main>[39m
    [36m</div>[39m
  [36m</div>[39m
[36m</body>[39m
 ❯ Object.getElementError node_modules/@testing-library/react/node_modules/@testing-library/dom/dist/config.js:37:19
 ❯ node_modules/@testing-library/react/node_modules/@testing-library/dom/dist/query-helpers.js:76:38
 ❯ node_modules/@testing-library/react/node_modules/@testing-library/dom/dist/query-helpers.js:109:15
 ❯ src/pages/FineSortPage.integration.test.tsx:142:29
    140|         // Logic says: if !isAllPlaced -> "Finish Sorting"
    141|         // Note: StudyLayout might render it twice (Header + Mobile Fo…
    142|         const btns = screen.getAllByRole('button', { name: /fine.actio…
       |                             ^
    143|         expect(btns.length).toBeGreaterThan(0);
    144|         

⎯⎯⎯⎯⎯⎯⎯⎯⎯⎯⎯⎯⎯⎯⎯⎯⎯⎯⎯⎯⎯⎯⎯⎯[1/1]⎯

 Test Files  1 failed (1)
      Tests  1 failed | 1 passed (2)
   Start at  16:49:56
   Duration  3.10s


 FAIL  Tests failed. Watching for file changes...
       press h to show help, press q to quit
       rerun x5
[2K[1A[2K[G[3Jc
 RERUN  src/pages/FineSortPage.integration.test.tsx x6

stderr | src/pages/FineSortPage.integration.test.tsx > FineSortPage Integration > renders "Finish Sorting" button in Header when grid is full
Warning: `ReactDOMTestUtils.act` is deprecated in favor of `React.act`. Import `act` from `react` instead of `react-dom/test-utils`. See https://react.dev/warnings/react-dom-test-utils for more info.
⚠️ React Router Future Flag Warning: React Router will begin wrapping state updates in `React.startTransition` in v7. You can use the `v7_startTransition` future flag to opt-in early. For more information, see https://reactrouter.com/v6/upgrading/future#v7_starttransition.
⚠️ React Router Future Flag Warning: Relative route resolution within Splat routes is changing in v7. You can use the `v7_relativeSplatPath` future flag to opt-in early. For more information, see https://reactrouter.com/v6/upgrading/future#v7_relativesplatpath.

 ✓ src/pages/FineSortPage.integration.test.tsx  (2 tests) 399ms

 Test Files  1 passed (1)
      Tests  2 passed (2)
   Start at  16:50:41
   Duration  3.38s


 PASS  Waiting for file changes...
       press h to show help, press q to quit
       rerun x6
[2K[1A[2K[G[3Jc
 RERUN  src/components/GridSort.tsx x7

 ✓ src/pages/FineSortPage.integration.test.tsx  (2 tests) 416ms
stderr | src/pages/FineSortPage.integration.test.tsx > FineSortPage Integration > renders "Finish Sorting" button in Header when grid is full
Warning: `ReactDOMTestUtils.act` is deprecated in favor of `React.act`. Import `act` from `react` instead of `react-dom/test-utils`. See https://react.dev/warnings/react-dom-test-utils for more info.
⚠️ React Router Future Flag Warning: React Router will begin wrapping state updates in `React.startTransition` in v7. You can use the `v7_startTransition` future flag to opt-in early. For more information, see https://reactrouter.com/v6/upgrading/future#v7_starttransition.
⚠️ React Router Future Flag Warning: Relative route resolution within Splat routes is changing in v7. You can use the `v7_relativeSplatPath` future flag to opt-in early. For more information, see https://reactrouter.com/v6/upgrading/future#v7_relativesplatpath.


 Test Files  1 passed (1)
      Tests  2 passed (2)
   Start at  16:51:18
   Duration  2.15s


 PASS  Waiting for file changes...
       press h to show help, press q to quit
       rerun x7
[2K[1A[2K[G[3Jc
 RERUN  src/hooks/useFineSortDrag.test.ts x1

 ✓ src/hooks/useFineSortDrag.test.ts  (4 tests) 64ms
stderr | src/hooks/useFineSortDrag.test.ts > useFineSortDrag > should place card in empty slot
Warning: `ReactDOMTestUtils.act` is deprecated in favor of `React.act`. Import `act` from `react` instead of `react-dom/test-utils`. See https://react.dev/warnings/react-dom-test-utils for more info.


 Test Files  1 passed (1)
      Tests  4 passed (4)
   Start at  16:53:25
   Duration  734ms


 PASS  Waiting for file changes...
       press h to show help, press q to quit
       rerun x1
[2K[1A[2K[G[3Jc
 RERUN  src/hooks/useFineSortDrag.test.ts x2

stderr | src/hooks/useFineSortDrag.test.ts > useFineSortDrag > should place card in empty slot
Warning: `ReactDOMTestUtils.act` is deprecated in favor of `React.act`. Import `act` from `react` instead of `react-dom/test-utils`. See https://react.dev/warnings/react-dom-test-utils for more info.

 ✓ src/hooks/useFineSortDrag.test.ts  (4 tests) 96ms

 Test Files  1 passed (1)
      Tests  4 passed (4)
   Start at  16:53:28
   Duration  963ms


 PASS  Waiting for file changes...
       press h to show help, press q to quit
       rerun x2
[2K[1A[2K[G[3Jc
 RERUN  src/pages/FineSortPage.tsx x8

 ❯ src/pages/FineSortPage.integration.test.tsx  (0 test)

⎯⎯⎯⎯⎯⎯ Failed Suites 1 ⎯⎯⎯⎯⎯⎯⎯

 FAIL  src/pages/FineSortPage.integration.test.tsx [ src/pages/FineSortPage.integration.test.tsx ]
Error: Transform failed with 1 error:
/home/julien/open-q/frontend/src/pages/FineSortPage.tsx:155:10: ERROR: The symbol "activeId" has already been declared
 ❯ failureErrorWithLog node_modules/esbuild/lib/main.js:1472:15
 ❯ node_modules/esbuild/lib/main.js:755:50
 ❯ responseCallbacks.<computed> node_modules/esbuild/lib/main.js:622:9
 ❯ handleIncomingPacket node_modules/esbuild/lib/main.js:677:12
 ❯ Socket.readFromStdout node_modules/esbuild/lib/main.js:600:7
 ❯ Socket.emit node:events:517:28

⎯⎯⎯⎯⎯⎯⎯⎯⎯⎯⎯⎯⎯⎯⎯⎯⎯⎯⎯⎯⎯⎯⎯⎯[1/1]⎯

 Test Files  1 failed (1)
      Tests  no tests
   Start at  16:53:49
   Duration  878ms


 FAIL  Tests failed. Watching for file changes...
       press h to show help, press q to quit
       rerun x8
[2K[1A[2K[G